// Jest Snapshot v1, https://goo.gl/fbAQLP

exports[`Main Button Text component test expect component to match snapshot 1`] = `
<View
  accessibilityLabel="Press handler for button 1"
  accessible={true}
  collapsable={false}
  focusable={true}
  onBlur={[Function]}
  onClick={[Function]}
  onFocus={[Function]}
  onResponderGrant={[Function]}
  onResponderMove={[Function]}
  onResponderRelease={[Function]}
  onResponderTerminate={[Function]}
  onResponderTerminationRequest={[Function]}
  onStartShouldSetResponder={[Function]}
  style={
    Array [
      Object {
        "backgroundColor": "#4E77E0",
        "borderRadius": 25,
        "marginTop": 12,
      },
    ]
  }
>
  <Text
    style={
      Array [
        Object {
          "fontSize": 14,
        },
        Object {
          "color": "#FFF",
          "fontSize": 16,
        },
      ]
    }
  >
    Button 1
  </Text>
</View>
`;

exports[`Main Text component test expect component to match snapshot 1`] = `
<Text
  style={
    Array [
      Object {
        "fontSize": 14,
      },
      Object {
        "fontSize": 16,
      },
    ]
  }
>
  Text 1
</Text>
`;

exports[`Room view component test expect component to match snapshot 1`] = `
<View
  style={
    Array [
      Object {
        "backgroundColor": "#F7F7F7",
        "borderRadius": 8,
        "flexDirection": "row",
        "justifyContent": "space-between",
        "marginTop": 8,
        "paddingHorizontal": 24,
        "paddingVertical": 16,
      },
    ]
  }
>
  <View>
    <Text
      style={
        Array [
          Object {
            "fontSize": 14,
          },
          Object {
            "color": "#4F4F4F",
            "fontSize": 16,
            "fontWeight": "bold",
            "lineHeight": 16,
          },
        ]
      }
    >
      Test 1
    </Text>
    <Text
      style={
        Array [
          Object {
            "fontSize": 14,
          },
          Object {
            "color": "#4F4F4F",
            "fontSize": 14,
            "lineHeight": 16,
            "marginTop": 8,
          },
        ]
      }
    >
      Level 3
    </Text>
  </View>
  <View>
    <Text
      style={
        Array [
          Object {
            "fontSize": 14,
          },
          Array [
            Object {
              "fontSize": 14,
              "fontStyle": "italic",
              "lineHeight": 16,
              "textAlign": "right",
            },
            Object {
              "color": "#939393",
            },
          ],
        ]
      }
    >
      Not Available
    </Text>
    <Text
      style={
        Array [
          Object {
            "fontSize": 14,
          },
          Object {
            "color": "#4F4F4F",
            "fontSize": 14,
            "lineHeight": 16,
            "marginTop": 8,
            "textAlign": "right",
          },
        ]
      }
    >
      10 Pax
    </Text>
  </View>
</View>
`;
